2026-09-30T17:24:51Z [status] Nebius: atlassian-history -> nebius-standing
2026-09-30T17:25:30Z [status] Crusoe: atlassian-history -> crusoe-r2-standing
2026-09-30T17:26:09Z [status] FluidStack: betterstack -> fluidstack-standing
2026-09-30T17:26:13Z [status] Together.ai: betterstack -> together-ai-standing
2026-09-30T17:26:17Z [status] Lambda: atlassian -> lambda-standing
2026-09-30T17:26:19Z [status] Scaleway: atlassian-history -> scaleway-standing
2026-09-30T17:30:40Z [status] Cirrascale: atlassian-history -> cirrascale-standing
2026-09-30T17:31:33Z [status] GCore: instatus -> gcore-standing
2026-09-30T17:31:58Z [status] Hyperstack: atlassian-history -> hyperstack-standing
2026-09-30T17:32:30Z [status] RunPod: betterstack -> runpod-standing
2026-09-30T17:33:34Z [status] Atlas Cloud: instatus -> atlas-cloud-standing
2026-09-30T17:33:40Z [status] Prime Intellect: betterstack -> prime-intellect-standing
2026-09-30T17:33:54Z [status] Cudo Compute: betterstack -> cudo-compute-standing
2026-09-30T17:33:57Z [status] latitude.sh: atlassian-history -> latitude-sh-standing
2026-09-30T17:34:23Z [status] Lightning AI: atlassian-history -> lightning-ai-standing
2026-09-30T17:34:30Z [status] Verda (formerly DataCrunch): betterstack -> verda-standing
2026-09-30T17:34:50Z [status] DigitalOcean: atlassian-history -> digitalocean-standing
2026-09-30T17:35:55Z [status] Sharon AI: atlassian-history -> sharon-ai-standing
2026-09-30T17:36:14Z [status] Hydra: betterstack -> hydra-standing
2026-09-30T17:36:17Z [status] GPU.NET: betterstack -> gpu-net-standing
2026-09-30T17:36:20Z [status] Akamai: atlassian-history -> akamai-standing
2026-09-30T17:37:06Z [status] Mithril: instatus -> mithril-standing
2026-09-30T17:37:12Z [status] Radiant: sorryapp -> radiant-standing
