2026-09-29T23:21:18Z [status] Nebius: atlassian-history -> nebius-standing
2026-09-29T23:21:54Z [status] Crusoe: atlassian-history -> crusoe-r2-standing
2026-09-29T23:22:31Z [status] FluidStack: betterstack -> fluidstack-standing
2026-09-29T23:22:35Z [status] Together.ai: betterstack -> together-ai-standing
2026-09-29T23:22:38Z [status] Lambda: atlassian -> lambda-standing
2026-09-29T23:22:40Z [status] Scaleway: atlassian-history -> scaleway-standing
2026-09-29T23:27:00Z [status] Cirrascale: atlassian-history -> cirrascale-standing
2026-09-29T23:27:53Z [status] GCore: instatus -> gcore-standing
2026-09-29T23:28:04Z [status] Hyperstack: atlassian-history -> hyperstack-standing
2026-09-29T23:28:36Z [status] RunPod: betterstack -> runpod-standing
2026-09-29T23:29:37Z [status] Atlas Cloud: instatus -> atlas-cloud-standing
2026-09-29T23:29:41Z [status] Prime Intellect: betterstack -> prime-intellect-standing
2026-09-29T23:29:56Z [status] Cudo Compute: betterstack -> cudo-compute-standing
2026-09-29T23:29:59Z [status] latitude.sh: atlassian-history -> latitude-sh-standing
2026-09-29T23:30:35Z [status] Lightning AI: atlassian-history -> lightning-ai-standing
2026-09-29T23:30:42Z [status] Verda (formerly DataCrunch): betterstack -> verda-standing
2026-09-29T23:31:02Z [status] DigitalOcean: atlassian-history -> digitalocean-standing
2026-09-29T23:32:03Z [status] Sharon AI: atlassian-history -> sharon-ai-standing
2026-09-29T23:32:20Z [status] Hydra: betterstack -> hydra-standing
2026-09-29T23:32:24Z [status] GPU.NET: betterstack -> gpu-net-standing
2026-09-29T23:32:27Z [status] Akamai: atlassian-history -> akamai-standing
2026-09-29T23:33:12Z [status] Mithril: instatus -> mithril-standing
2026-09-29T23:33:15Z [status] Radiant: sorryapp -> radiant-standing
